../Core/Src/main.c:46:5:main	24	static
../Core/Src/main.c:176:6:SystemClock_Config	88	static
../Core/Src/main.c:218:13:MX_ADC1_Init	24	static
../Core/Src/main.c:270:13:MX_I2C1_Init	8	static
../Core/Src/main.c:290:13:MX_GPIO_Init	40	static
../Core/Src/main.c:333:6:delay_us	24	static
../Core/Src/main.c:342:6:init_DWT	4	static
../Core/Src/main.c:348:6:motor_control	16	static
../Core/Src/main.c:363:6:play_tone	32	static
../Core/Src/main.c:377:10:read_pulse_duration	24	static
../Core/Src/main.c:390:10:read_pot_value	16	static
../Core/Src/main.c:401:6:Error_Handler	4	static,ignoring_inline_asm
